******************************************************************************
                  MSP430 Linker PC v4.3.0                      
******************************************************************************
>> Linked Wed May 14 19:40:46 2014

OUTPUT FILE NAME:   <Proj9_target_gun_sound_RevB_two.out>
ENTRY POINT SYMBOL: "_c_int00"  address: 0000f490


MEMORY CONFIGURATION

         name            origin    length      used     unused   attr    fill
----------------------  --------  ---------  --------  --------  ----  --------
  SFR                   00000000   00000010  00000000  00000010  RWIX
  PERIPHERALS_8BIT      00000010   000000f0  00000000  000000f0  RWIX
  PERIPHERALS_16BIT     00000100   00000100  00000000  00000100  RWIX
  RAM                   00000200   00000200  00000088  00000178  RWIX
  INFOD                 00001000   00000040  00000000  00000040  RWIX
  INFOC                 00001040   00000040  00000000  00000040  RWIX
  INFOB                 00001080   00000040  00000000  00000040  RWIX
  INFOA                 000010c0   00000040  00000000  00000040  RWIX
  FLASH                 0000c000   00003fe0  00003512  00000ace  RWIX
  INT00                 0000ffe0   00000002  00000000  00000002  RWIX
  INT01                 0000ffe2   00000002  00000000  00000002  RWIX
  INT02                 0000ffe4   00000002  00000002  00000000  RWIX
  INT03                 0000ffe6   00000002  00000002  00000000  RWIX
  INT04                 0000ffe8   00000002  00000000  00000002  RWIX
  INT05                 0000ffea   00000002  00000002  00000000  RWIX
  INT06                 0000ffec   00000002  00000002  00000000  RWIX
  INT07                 0000ffee   00000002  00000002  00000000  RWIX
  INT08                 0000fff0   00000002  00000002  00000000  RWIX
  INT09                 0000fff2   00000002  00000002  00000000  RWIX
  INT10                 0000fff4   00000002  00000002  00000000  RWIX
  INT11                 0000fff6   00000002  00000002  00000000  RWIX
  INT12                 0000fff8   00000002  00000002  00000000  RWIX
  INT13                 0000fffa   00000002  00000002  00000000  RWIX
  INT14                 0000fffc   00000002  00000002  00000000  RWIX
  RESET                 0000fffe   00000002  00000002  00000000  RWIX


SECTION ALLOCATION MAP

 output                                  attributes/
section   page    origin      length       input sections
--------  ----  ----------  ----------   ----------------
.init_array 
*          0    0000c000    00000000     UNINITIALIZED

.data      0    00000200    00000038     UNINITIALIZED
                  00000200    00000038     main.obj (.data)

.TI.persistent 
*          0    00000200    00000000     UNINITIALIZED

.stack     0    000003b0    00000050     UNINITIALIZED
                  000003b0    00000002     rts430_eabi.lib : boot.obj (.stack)
                  000003b2    0000004e     --HOLE--

.const     0    0000c000    00002e30     
                  0000c000    0000186e     main.obj (.const:.string:data)
                  0000d86e    000015c2     main.obj (.const:.string:data2)

.text      0    0000ee30    000006c8     
                  0000ee30    000001b8     main.obj (.text:main)
                  0000efe8    00000182     main.obj (.text:tx_send)
                  0000f16a    000000f6     main.obj (.text:Port_2)
                  0000f260    0000008e     main.obj (.text:play2)
                  0000f2ee    0000008e     main.obj (.text:play)
                  0000f37c    0000005e     rts430_eabi.lib : copy_decompress_rle.obj (.text:__TI_decompress_rle_core)
                  0000f3da    0000005e                     : autoinit.obj (.text:_auto_init)
                  0000f438    0000002c                     : asr16.obj (.text)
                  0000f464    0000002c                     : lsl16.obj (.text)
                  0000f490    0000001a                     : boot.obj (.text:_c_int00_noexit)
                  0000f4aa    00000012                     : copy_decompress_none.obj (.text:decompress:none:__TI_decompress_none)
                  0000f4bc    00000012                     : memcpy.obj (.text:memcpy)
                  0000f4ce    00000010                     : epilog.obj (.text)
                  0000f4de    00000006     main.obj (.text:Timer1_A0)
                  0000f4e4    00000006     rts430_eabi.lib : isr_trap.obj (.text:__TI_ISR_TRAP)
                  0000f4ea    00000006                     : copy_decompress_rle.obj (.text:decompress:rle24:__TI_decompress_rle24)
                  0000f4f0    00000004                     : pre_init.obj (.text:_system_pre_init)
                  0000f4f4    00000004                     : exit.obj (.text:abort)

.cinit     0    0000f4f8    0000001a     
                  0000f4f8    00000012     (.cinit..data.load) [load image, compression = rle]
                  0000f50a    00000004     (__TI_handler_table)
                  0000f50e    00000004     (__TI_cinit_table)

PORT1      0    0000ffe4    00000002     
                  0000ffe4    00000002     rts430_eabi.lib : int02.obj (.int02)

PORT2      0    0000ffe6    00000002     
                  0000ffe6    00000002     main.obj (.int03)

ADC10      0    0000ffea    00000002     
                  0000ffea    00000002     rts430_eabi.lib : int05.obj (.int05)

USCIAB0TX 
*          0    0000ffec    00000002     
                  0000ffec    00000002     rts430_eabi.lib : int06.obj (.int06)

USCIAB0RX 
*          0    0000ffee    00000002     
                  0000ffee    00000002     rts430_eabi.lib : int07.obj (.int07)

TIMER0_A1 
*          0    0000fff0    00000002     
                  0000fff0    00000002     rts430_eabi.lib : int08.obj (.int08)

TIMER0_A0 
*          0    0000fff2    00000002     
                  0000fff2    00000002     rts430_eabi.lib : int09.obj (.int09)

WDT        0    0000fff4    00000002     
                  0000fff4    00000002     rts430_eabi.lib : int10.obj (.int10)

COMPARATORA 
*          0    0000fff6    00000002     
                  0000fff6    00000002     rts430_eabi.lib : int11.obj (.int11)

TIMER1_A1 
*          0    0000fff8    00000002     
                  0000fff8    00000002     rts430_eabi.lib : int12.obj (.int12)

TIMER1_A0 
*          0    0000fffa    00000002     
                  0000fffa    00000002     main.obj (.int13)

NMI        0    0000fffc    00000002     
                  0000fffc    00000002     rts430_eabi.lib : int14.obj (.int14)

.reset     0    0000fffe    00000002     
                  0000fffe    00000002     rts430_eabi.lib : boot.obj (.reset)


LINKER GENERATED COPY TABLES

__TI_cinit_table @ 0000f50e records: 1, size/record: 4, table size: 4
	.data: load addr=0000f4f8, load size=00000012 bytes, run addr=00000200, run size=00000038 bytes, compression=rle


LINKER GENERATED HANDLER TABLE

__TI_handler_table @ 0000f50a records: 2, size/record: 2, table size: 4
	index: 0, handler: __TI_decompress_rle24
	index: 1, handler: __TI_decompress_none


GLOBAL SYMBOLS: SORTED ALPHABETICALLY BY Name 

address    name
--------   ----
0000004a   ADC10AE0
000001b0   ADC10CTL0
000001b2   ADC10CTL1
00000048   ADC10DTC0
00000049   ADC10DTC1
000001b4   ADC10MEM
000001bc   ADC10SA
00000057   BCSCTL1
00000058   BCSCTL2
00000053   BCSCTL3
0000f4f4   C$$EXIT
00000059   CACTL1
0000005a   CACTL2
0000005b   CAPD
00000056   DCOCTL
00000128   FCTL1
0000012a   FCTL2
0000012c   FCTL3
00000000   IE1
00000001   IE2
00000002   IFG1
00000003   IFG2
00000022   P1DIR
00000025   P1IE
00000024   P1IES
00000023   P1IFG
00000020   P1IN
00000021   P1OUT
00000027   P1REN
00000026   P1SEL
00000041   P1SEL2
0000002a   P2DIR
0000002d   P2IE
0000002c   P2IES
0000002b   P2IFG
00000028   P2IN
00000029   P2OUT
0000002f   P2REN
0000002e   P2SEL
00000042   P2SEL2
0000001a   P3DIR
00000018   P3IN
00000019   P3OUT
00000010   P3REN
0000001b   P3SEL
00000043   P3SEL2
0000f16a   Port_2
00000172   TA0CCR0
00000174   TA0CCR1
00000176   TA0CCR2
00000162   TA0CCTL0
00000164   TA0CCTL1
00000166   TA0CCTL2
00000160   TA0CTL
0000012e   TA0IV
00000170   TA0R
00000192   TA1CCR0
00000194   TA1CCR1
00000196   TA1CCR2
00000182   TA1CCTL0
00000184   TA1CCTL1
00000186   TA1CCTL2
00000180   TA1CTL
0000011e   TA1IV
00000190   TA1R
000010db   TLV_ADC10_1_LEN
000010da   TLV_ADC10_1_TAG
000010c0   TLV_CHECKSUM
000010f7   TLV_DCO_30_LEN
000010f6   TLV_DCO_30_TAG
0000f4de   Timer1_A0
0000005d   UCA0ABCTL
00000062   UCA0BR0
00000063   UCA0BR1
00000060   UCA0CTL0
00000061   UCA0CTL1
0000005f   UCA0IRRCTL
0000005e   UCA0IRTCTL
00000064   UCA0MCTL
00000066   UCA0RXBUF
00000065   UCA0STAT
00000067   UCA0TXBUF
0000006a   UCB0BR0
0000006b   UCB0BR1
00000068   UCB0CTL0
00000069   UCB0CTL1
0000006c   UCB0I2CIE
00000118   UCB0I2COA
0000011a   UCB0I2CSA
0000006e   UCB0RXBUF
0000006d   UCB0STAT
0000006f   UCB0TXBUF
00000120   WDTCTL
00000400   __STACK_END
00000050   __STACK_SIZE
0000f50e   __TI_CINIT_Base
0000f512   __TI_CINIT_Limit
0000f50a   __TI_Handler_Table_Base
0000f50e   __TI_Handler_Table_Limit
UNDEFED    __TI_INITARRAY_Base
UNDEFED    __TI_INITARRAY_Limit
0000f4e4   __TI_ISR_TRAP
00000001   __TI_args_main
0000f4aa   __TI_decompress_none
0000f4ea   __TI_decompress_rle24
00000001   __TI_exit
0000ffe4   __TI_int02
0000ffe6   __TI_int03
0000ffea   __TI_int05
0000ffec   __TI_int06
0000ffee   __TI_int07
0000fff0   __TI_int08
0000fff2   __TI_int09
0000fff4   __TI_int10
0000fff6   __TI_int11
0000fff8   __TI_int12
0000fffa   __TI_int13
0000fffc   __TI_int14
ffffffff   __binit__
ffffffff   __c_args__
0000f4da   __mspabi_func_epilog_1
0000f4d8   __mspabi_func_epilog_2
0000f4d6   __mspabi_func_epilog_3
0000f4d4   __mspabi_func_epilog_4
0000f4d2   __mspabi_func_epilog_5
0000f4d0   __mspabi_func_epilog_6
0000f4ce   __mspabi_func_epilog_7
0000f464   __mspabi_slli
0000f48c   __mspabi_slli_1
0000f47a   __mspabi_slli_10
0000f478   __mspabi_slli_11
0000f476   __mspabi_slli_12
0000f474   __mspabi_slli_13
0000f472   __mspabi_slli_14
0000f470   __mspabi_slli_15
0000f48a   __mspabi_slli_2
0000f488   __mspabi_slli_3
0000f486   __mspabi_slli_4
0000f484   __mspabi_slli_5
0000f482   __mspabi_slli_6
0000f480   __mspabi_slli_7
0000f47e   __mspabi_slli_8
0000f47c   __mspabi_slli_9
0000f438   __mspabi_srai
0000f460   __mspabi_srai_1
0000f44e   __mspabi_srai_10
0000f44c   __mspabi_srai_11
0000f44a   __mspabi_srai_12
0000f448   __mspabi_srai_13
0000f446   __mspabi_srai_14
0000f444   __mspabi_srai_15
0000f45e   __mspabi_srai_2
0000f45c   __mspabi_srai_3
0000f45a   __mspabi_srai_4
0000f458   __mspabi_srai_5
0000f456   __mspabi_srai_6
0000f454   __mspabi_srai_7
0000f452   __mspabi_srai_8
0000f450   __mspabi_srai_9
0000f3da   _auto_init
0000f490   _c_int00
0000f490   _c_int00_noexit
0000fffe   _reset_vector
000003b0   _stack
0000f4f0   _system_pre_init
0000f4f4   abort
ffffffff   binit
0000021e   bit
00000220   bitt
00000204   count
0000c000   data
0000d86e   data2
0000021a   eight
00000214   five
00000212   four
00000222   i
00000224   ii
00000226   iii
00000234   irdata
00000202   loopcount
00000200   loopcountMAX
0000ee30   main
0000f4bc   memcpy
0000021c   odd
0000020c   one
0000f2ee   play
0000f260   play2
00000230   realdata
0000020a   resetcount
0000022c   rxdata
00000228   sample
0000022a   sample2
00000208   send2count
00000206   sendcount
00000218   seven
00000216   six
00000210   three
0000020e   two
0000efe8   tx_send


GLOBAL SYMBOLS: SORTED BY Symbol Address 

address    name
--------   ----
00000000   IE1
00000001   IE2
00000001   __TI_args_main
00000001   __TI_exit
00000002   IFG1
00000003   IFG2
00000010   P3REN
00000018   P3IN
00000019   P3OUT
0000001a   P3DIR
0000001b   P3SEL
00000020   P1IN
00000021   P1OUT
00000022   P1DIR
00000023   P1IFG
00000024   P1IES
00000025   P1IE
00000026   P1SEL
00000027   P1REN
00000028   P2IN
00000029   P2OUT
0000002a   P2DIR
0000002b   P2IFG
0000002c   P2IES
0000002d   P2IE
0000002e   P2SEL
0000002f   P2REN
00000041   P1SEL2
00000042   P2SEL2
00000043   P3SEL2
00000048   ADC10DTC0
00000049   ADC10DTC1
0000004a   ADC10AE0
00000050   __STACK_SIZE
00000053   BCSCTL3
00000056   DCOCTL
00000057   BCSCTL1
00000058   BCSCTL2
00000059   CACTL1
0000005a   CACTL2
0000005b   CAPD
0000005d   UCA0ABCTL
0000005e   UCA0IRTCTL
0000005f   UCA0IRRCTL
00000060   UCA0CTL0
00000061   UCA0CTL1
00000062   UCA0BR0
00000063   UCA0BR1
00000064   UCA0MCTL
00000065   UCA0STAT
00000066   UCA0RXBUF
00000067   UCA0TXBUF
00000068   UCB0CTL0
00000069   UCB0CTL1
0000006a   UCB0BR0
0000006b   UCB0BR1
0000006c   UCB0I2CIE
0000006d   UCB0STAT
0000006e   UCB0RXBUF
0000006f   UCB0TXBUF
00000118   UCB0I2COA
0000011a   UCB0I2CSA
0000011e   TA1IV
00000120   WDTCTL
00000128   FCTL1
0000012a   FCTL2
0000012c   FCTL3
0000012e   TA0IV
00000160   TA0CTL
00000162   TA0CCTL0
00000164   TA0CCTL1
00000166   TA0CCTL2
00000170   TA0R
00000172   TA0CCR0
00000174   TA0CCR1
00000176   TA0CCR2
00000180   TA1CTL
00000182   TA1CCTL0
00000184   TA1CCTL1
00000186   TA1CCTL2
00000190   TA1R
00000192   TA1CCR0
00000194   TA1CCR1
00000196   TA1CCR2
000001b0   ADC10CTL0
000001b2   ADC10CTL1
000001b4   ADC10MEM
000001bc   ADC10SA
00000200   loopcountMAX
00000202   loopcount
00000204   count
00000206   sendcount
00000208   send2count
0000020a   resetcount
0000020c   one
0000020e   two
00000210   three
00000212   four
00000214   five
00000216   six
00000218   seven
0000021a   eight
0000021c   odd
0000021e   bit
00000220   bitt
00000222   i
00000224   ii
00000226   iii
00000228   sample
0000022a   sample2
0000022c   rxdata
00000230   realdata
00000234   irdata
000003b0   _stack
00000400   __STACK_END
000010c0   TLV_CHECKSUM
000010da   TLV_ADC10_1_TAG
000010db   TLV_ADC10_1_LEN
000010f6   TLV_DCO_30_TAG
000010f7   TLV_DCO_30_LEN
0000c000   data
0000d86e   data2
0000ee30   main
0000efe8   tx_send
0000f16a   Port_2
0000f260   play2
0000f2ee   play
0000f3da   _auto_init
0000f438   __mspabi_srai
0000f444   __mspabi_srai_15
0000f446   __mspabi_srai_14
0000f448   __mspabi_srai_13
0000f44a   __mspabi_srai_12
0000f44c   __mspabi_srai_11
0000f44e   __mspabi_srai_10
0000f450   __mspabi_srai_9
0000f452   __mspabi_srai_8
0000f454   __mspabi_srai_7
0000f456   __mspabi_srai_6
0000f458   __mspabi_srai_5
0000f45a   __mspabi_srai_4
0000f45c   __mspabi_srai_3
0000f45e   __mspabi_srai_2
0000f460   __mspabi_srai_1
0000f464   __mspabi_slli
0000f470   __mspabi_slli_15
0000f472   __mspabi_slli_14
0000f474   __mspabi_slli_13
0000f476   __mspabi_slli_12
0000f478   __mspabi_slli_11
0000f47a   __mspabi_slli_10
0000f47c   __mspabi_slli_9
0000f47e   __mspabi_slli_8
0000f480   __mspabi_slli_7
0000f482   __mspabi_slli_6
0000f484   __mspabi_slli_5
0000f486   __mspabi_slli_4
0000f488   __mspabi_slli_3
0000f48a   __mspabi_slli_2
0000f48c   __mspabi_slli_1
0000f490   _c_int00
0000f490   _c_int00_noexit
0000f4aa   __TI_decompress_none
0000f4bc   memcpy
0000f4ce   __mspabi_func_epilog_7
0000f4d0   __mspabi_func_epilog_6
0000f4d2   __mspabi_func_epilog_5
0000f4d4   __mspabi_func_epilog_4
0000f4d6   __mspabi_func_epilog_3
0000f4d8   __mspabi_func_epilog_2
0000f4da   __mspabi_func_epilog_1
0000f4de   Timer1_A0
0000f4e4   __TI_ISR_TRAP
0000f4ea   __TI_decompress_rle24
0000f4f0   _system_pre_init
0000f4f4   C$$EXIT
0000f4f4   abort
0000f50a   __TI_Handler_Table_Base
0000f50e   __TI_CINIT_Base
0000f50e   __TI_Handler_Table_Limit
0000f512   __TI_CINIT_Limit
0000ffe4   __TI_int02
0000ffe6   __TI_int03
0000ffea   __TI_int05
0000ffec   __TI_int06
0000ffee   __TI_int07
0000fff0   __TI_int08
0000fff2   __TI_int09
0000fff4   __TI_int10
0000fff6   __TI_int11
0000fff8   __TI_int12
0000fffa   __TI_int13
0000fffc   __TI_int14
0000fffe   _reset_vector
ffffffff   __binit__
ffffffff   __c_args__
ffffffff   binit
UNDEFED    __TI_INITARRAY_Base
UNDEFED    __TI_INITARRAY_Limit

[199 symbols]
